// Jest Snapshot v1, https://goo.gl/fbAQLP

exports[`Input renders correctly renders correctly with given value 1`] = `
<input
  className="input"
  name="input"
  onBlur={[Function]}
  onChange={[Function]}
  placeholder={null}
  required={false}
  type="text"
  value="sunshine"
/>
`;

exports[`Input renders correctly renders disabled input 1`] = `
<input
  className="input"
  name="input"
  onBlur={[Function]}
  onChange={[Function]}
  placeholder={null}
  required={false}
  type="text"
  value="sunshine"
/>
`;
